00:50:03 **** Incremental Build of configuration Debug for project Lab_1_Exercise ****
make -j12 all 
arm-none-eabi-gcc -o "Lab_1_Exercise.elf" @"objects.list"   -mcpu=cortex-m3 -T"C:\Users\Acer\Documents\GIT_LAB_1\Lab_1_Exercise\STM32F103C6UX_FLASH.ld" --specs=nosys.specs -Wl,-Map="Lab_1_Exercise.map" -Wl,--gc-sections -static --specs=nano.specs -mfloat-abi=soft -mthumb -Wl,--start-group -lc -lm -Wl,--end-group
Finished building target: Lab_1_Exercise.elf
 
arm-none-eabi-size  Lab_1_Exercise.elf 
arm-none-eabi-objdump -h -S Lab_1_Exercise.elf  > "Lab_1_Exercise.list"
arm-none-eabi-objcopy  -O ihex Lab_1_Exercise.elf  "Lab_1_Exercise.hex"
   text	   data	    bss	    dec	    hex	filename
   5312	     12	   1572	   6896	   1af0	Lab_1_Exercise.elf
arm-none-eabi-objcopy  -O binary Lab_1_Exercise.elf  "Lab_1_Exercise.bin"
Finished building: default.size.stdout
 
Finished building: Lab_1_Exercise.hex
Finished building: Lab_1_Exercise.bin
 
Finished building: Lab_1_Exercise.list
 
 
